env: load .env
env: export GOOGLE_WEB_CLIENT_ID GOOGLE_IOS_CLIENT_ID PACKAGE_NAME SHA1_DEBUG
ΓÇ║ Building app...
Configuration on demand is an incubating feature.
> Task :gradle-plugin:settings-plugin:checkKotlinGradlePluginConfigurationErrors
> Task :gradle-plugin:shared:checkKotlinGradlePluginConfigurationErrors
> Task :gradle-plugin:shared:compileKotlin UP-TO-DATE
> Task :gradle-plugin:shared:compileJava NO-SOURCE
> Task :gradle-plugin:shared:processResources NO-SOURCE
> Task :gradle-plugin:shared:classes UP-TO-DATE
> Task :gradle-plugin:shared:jar UP-TO-DATE
> Task :gradle-plugin:settings-plugin:compileKotlin UP-TO-DATE
> Task :gradle-plugin:settings-plugin:compileJava NO-SOURCE
> Task :gradle-plugin:settings-plugin:pluginDescriptors UP-TO-DATE
> Task :gradle-plugin:settings-plugin:processResources UP-TO-DATE
> Task :gradle-plugin:settings-plugin:classes UP-TO-DATE
> Task :gradle-plugin:settings-plugin:jar UP-TO-DATE
> Task :gradle-plugin:react-native-gradle-plugin:checkKotlinGradlePluginConfigurationErrors
> Task :expo-dev-launcher-gradle-plugin:checkKotlinGradlePluginConfigurationErrors
> Task :expo-dev-launcher-gradle-plugin:pluginDescriptors UP-TO-DATE
> Task :expo-dev-launcher-gradle-plugin:processResources UP-TO-DATE
> Task :gradle-plugin:react-native-gradle-plugin:compileKotlin UP-TO-DATE
> Task :gradle-plugin:react-native-gradle-plugin:compileJava NO-SOURCE
> Task :gradle-plugin:react-native-gradle-plugin:pluginDescriptors UP-TO-DATE
> Task :gradle-plugin:react-native-gradle-plugin:processResources UP-TO-DATE
> Task :gradle-plugin:react-native-gradle-plugin:classes UP-TO-DATE
> Task :gradle-plugin:react-native-gradle-plugin:jar UP-TO-DATE
> Task :expo-dev-launcher-gradle-plugin:compileKotlin UP-TO-DATE
> Task :expo-dev-launcher-gradle-plugin:compileJava NO-SOURCE
> Task :expo-dev-launcher-gradle-plugin:classes UP-TO-DATE
> Task :expo-dev-launcher-gradle-plugin:jar UP-TO-DATE

> Configure project :app
 ??  [33mApplying gradle plugin[0m '[32mexpo-dev-launcher-gradle-plugin[0m' (expo-dev-launcher@5.0.35)

> Configure project :react-native-firebase_app
:react-native-firebase_app package.json found at C:\Users\Admin\Desktop\Chat\ChappAt\node_modules\@react-native-firebase\app\package.json
:react-native-firebase_app:firebase.bom using default value: 33.12.0
:react-native-firebase_app:play.play-services-auth using default value: 21.3.0
:react-native-firebase_app package.json found at C:\Users\Admin\Desktop\Chat\ChappAt\node_modules\@react-native-firebase\app\package.json
:react-native-firebase_app:version set from package.json: 21.14.0 (21,14,0 - 21014000)
:react-native-firebase_app:android.compileSdk using custom value: 35
:react-native-firebase_app:android.targetSdk using custom value: 34
:react-native-firebase_app:android.minSdk using custom value: 24
:react-native-firebase_app:reactNativeAndroidDir C:\Users\Admin\Desktop\Chat\ChappAt\node_modules\react-native\android

> Configure project :react-native-firebase_auth
:react-native-firebase_auth package.json found at C:\Users\Admin\Desktop\Chat\ChappAt\node_modules\@react-native-firebase\auth\package.json
:react-native-firebase_app package.json found at C:\Users\Admin\Desktop\Chat\ChappAt\node_modules\@react-native-firebase\app\package.json
:react-native-firebase_auth:firebase.bom using default value: 33.12.0
:react-native-firebase_auth package.json found at C:\Users\Admin\Desktop\Chat\ChappAt\node_modules\@react-native-firebase\auth\package.json
:react-native-firebase_auth:version set from package.json: 21.14.0 (21,14,0 - 21014000)
:react-native-firebase_auth:android.compileSdk using custom value: 35
:react-native-firebase_auth:android.targetSdk using custom value: 34
:react-native-firebase_auth:android.minSdk using custom value: 24
:react-native-firebase_auth:reactNativeAndroidDir C:\Users\Admin\Desktop\Chat\ChappAt\node_modules\react-native\android

> Configure project :react-native-firebase_firestore
:react-native-firebase_firestore package.json found at C:\Users\Admin\Desktop\Chat\ChappAt\node_modules\@react-native-firebase\firestore\package.json
:react-native-firebase_app package.json found at C:\Users\Admin\Desktop\Chat\ChappAt\node_modules\@react-native-firebase\app\package.json
:react-native-firebase_firestore:firebase.bom using default value: 33.12.0
:react-native-firebase_firestore package.json found at C:\Users\Admin\Desktop\Chat\ChappAt\node_modules\@react-native-firebase\firestore\package.json
:react-native-firebase_firestore:version set from package.json: 21.14.0 (21,14,0 - 21014000)
:react-native-firebase_firestore:android.compileSdk using custom value: 35
:react-native-firebase_firestore:android.targetSdk using custom value: 34
:react-native-firebase_firestore:android.minSdk using custom value: 24
:react-native-firebase_firestore:reactNativeAndroidDir C:\Users\Admin\Desktop\Chat\ChappAt\node_modules\react-native\android

> Configure project :react-native-firebase_messaging
:react-native-firebase_messaging package.json found at C:\Users\Admin\Desktop\Chat\ChappAt\node_modules\@react-native-firebase\messaging\package.json
:react-native-firebase_app package.json found at C:\Users\Admin\Desktop\Chat\ChappAt\node_modules\@react-native-firebase\app\package.json
:react-native-firebase_messaging:firebase.bom using default value: 33.12.0
:react-native-firebase_messaging package.json found at C:\Users\Admin\Desktop\Chat\ChappAt\node_modules\@react-native-firebase\messaging\package.json
:react-native-firebase_messaging:version set from package.json: 21.14.0 (21,14,0 - 21014000)
:react-native-firebase_messaging:android.compileSdk using custom value: 35
:react-native-firebase_messaging:android.targetSdk using custom value: 34
:react-native-firebase_messaging:android.minSdk using custom value: 24
:react-native-firebase_messaging:reactNativeAndroidDir C:\Users\Admin\Desktop\Chat\ChappAt\node_modules\react-native\android
node.exe : 
At line:1 char:1
+ & "C:\Program Files\nodejs/node.exe" "C:\Users\Admin\AppData\Roaming\ ...
+ ~~~~~~~~~~~~~~~~~~~~~~~~~~~~~~~~~~~~~~~~~~~~~~~~~~~~~~~~~~~~~~~~~~~~~
    + CategoryInfo          : NotSpecified: (:String) [], RemoteException
    + FullyQualifiedErrorId : NativeCommandError
 
FAILURE: Build failed with an exception.

* Where:
Build file 'C:\Users\Admin\Desktop\Chat\ChappAt\node_modules\expo-localizatio
n\android\build.gradle' line: 3

* What went wrong:
Plugin [id: 'expo-module-gradle-plugin'] was not found in any of the 
following sources:

- Gradle Core Plugins (not a core plugin. For more available plugins, please 
refer to https://docs.gradle.org/8.10.2/userguide/plugin_reference.html in 
the Gradle documentation.)
- Included Builds (None of the included builds contain this plugin)
- Plugin Repositories (plugin dependency must include a version number for 
this source)

* Try:
> Run with --stacktrace option to get the stack trace.
> Run with --info or --debug option to get more log output.
> Run with --scan to get full insights.
> Get more help at https://help.gradle.org.

BUILD FAILED in 11s
18 actionable tasks: 4 executed, 14 up-to-date
Error: C:\Users\Admin\Desktop\Chat\ChappAt\android\gradlew.bat 
app:assembleDebug -x lint -x test --configure-on-demand 
-PreactNativeDevServerPort=8081 -PreactNativeArchitectures=x86_64,arm64-v8a 
exited with non-zero code: 1
Error: C:\Users\Admin\Desktop\Chat\ChappAt\android\gradlew.bat 
app:assembleDebug -x lint -x test --configure-on-demand 
-PreactNativeDevServerPort=8081 -PreactNativeArchitectures=x86_64,arm64-v8a 
exited with non-zero code: 1
    at ChildProcess.completionListener (C:\Users\Admin\Desktop\Chat\ChappAt\n
ode_modules\@expo\spawn-async\src\spawnAsync.ts:67:13)
    at Object.onceWrapper (node:events:633:26)
    at ChildProcess.emit (node:events:518:28)
    at ChildProcess.cp.emit (C:\Users\Admin\Desktop\Chat\ChappAt\node_modules
\cross-spawn\lib\enoent.js:34:29)
    at maybeClose (node:internal/child_process:1101:16)
    at Process.ChildProcess._handle.onexit 
(node:internal/child_process:304:5)
    ...
    at spawnAsync (C:\Users\Admin\Desktop\Chat\ChappAt\node_modules\@expo\spa
wn-async\src\spawnAsync.ts:28:21)
    at spawnGradleAsync (C:\Users\Admin\Desktop\Chat\ChappAt\node_modules\exp
o\node_modules\@expo\cli\src\start\platforms\android\gradle.ts:134:28)
    at assembleAsync (C:\Users\Admin\Desktop\Chat\ChappAt\node_modules\expo\n
ode_modules\@expo\cli\src\start\platforms\android\gradle.ts:83:16)
    at runAndroidAsync (C:\Users\Admin\Desktop\Chat\ChappAt\node_modules\expo
\node_modules\@expo\cli\src\run\android\runAndroidAsync.ts:48:24)
